// Jest Snapshot v1, https://goo.gl/fbAQLP

exports[`should display tooltip 1`] = `
.emotion-0 {
  font-family: -apple-system,BlinkMacSystemFont,"Segoe UI","Roboto","Noto Sans","Ubuntu","Droid Sans","Helvetica Neue",sans-serif;
  font-size: 16px;
  color: #424242;
  width: 100%;
}

.emotion-0 input,
.emotion-0 button,
.emotion-0 textarea,
.emotion-0 select {
  font-family: -apple-system,BlinkMacSystemFont,"Segoe UI","Roboto","Noto Sans","Ubuntu","Droid Sans","Helvetica Neue",sans-serif;
}

.emotion-0 *,
.emotion-0 *:before,
.emotion-0 *:after {
  box-sizing: border-box;
}

<div
  className="emotion-0 emotion-1"
  style={Object {}}
/>
`;

exports[`should not render histogram when showHistogram is set to false 1`] = `
.emotion-0 {
  font-family: -apple-system,BlinkMacSystemFont,"Segoe UI","Roboto","Noto Sans","Ubuntu","Droid Sans","Helvetica Neue",sans-serif;
  font-size: 16px;
  color: #424242;
  width: 100%;
}

.emotion-0 input,
.emotion-0 button,
.emotion-0 textarea,
.emotion-0 select {
  font-family: -apple-system,BlinkMacSystemFont,"Segoe UI","Roboto","Noto Sans","Ubuntu","Droid Sans","Helvetica Neue",sans-serif;
}

.emotion-0 *,
.emotion-0 *:before,
.emotion-0 *:after {
  box-sizing: border-box;
}

<div
  className="emotion-0 emotion-1"
  style={Object {}}
/>
`;

exports[`should render histogram when showHistogram is set to true 1`] = `
.emotion-0 {
  font-family: -apple-system,BlinkMacSystemFont,"Segoe UI","Roboto","Noto Sans","Ubuntu","Droid Sans","Helvetica Neue",sans-serif;
  font-size: 16px;
  color: #424242;
  width: 100%;
}

.emotion-0 input,
.emotion-0 button,
.emotion-0 textarea,
.emotion-0 select {
  font-family: -apple-system,BlinkMacSystemFont,"Segoe UI","Roboto","Noto Sans","Ubuntu","Droid Sans","Helvetica Neue",sans-serif;
}

.emotion-0 *,
.emotion-0 *:before,
.emotion-0 *:after {
  box-sizing: border-box;
}

<div
  className="emotion-0 emotion-1"
  style={Object {}}
/>
`;

exports[`should render range labels 1`] = `
.emotion-0 {
  font-family: -apple-system,BlinkMacSystemFont,"Segoe UI","Roboto","Noto Sans","Ubuntu","Droid Sans","Helvetica Neue",sans-serif;
  font-size: 16px;
  color: #424242;
  width: 100%;
}

.emotion-0 input,
.emotion-0 button,
.emotion-0 textarea,
.emotion-0 select {
  font-family: -apple-system,BlinkMacSystemFont,"Segoe UI","Roboto","Noto Sans","Ubuntu","Droid Sans","Helvetica Neue",sans-serif;
}

.emotion-0 *,
.emotion-0 *:before,
.emotion-0 *:after {
  box-sizing: border-box;
}

<div
  className="emotion-0 emotion-1"
  style={Object {}}
/>
`;

exports[`should render slider 1`] = `
.emotion-0 {
  font-family: -apple-system,BlinkMacSystemFont,"Segoe UI","Roboto","Noto Sans","Ubuntu","Droid Sans","Helvetica Neue",sans-serif;
  font-size: 16px;
  color: #424242;
  width: 100%;
}

.emotion-0 input,
.emotion-0 button,
.emotion-0 textarea,
.emotion-0 select {
  font-family: -apple-system,BlinkMacSystemFont,"Segoe UI","Roboto","Noto Sans","Ubuntu","Droid Sans","Helvetica Neue",sans-serif;
}

.emotion-0 *,
.emotion-0 *:before,
.emotion-0 *:after {
  box-sizing: border-box;
}

<div
  className="emotion-0 emotion-1"
  style={Object {}}
/>
`;

exports[`should render title 1`] = `
.emotion-0 {
  font-family: -apple-system,BlinkMacSystemFont,"Segoe UI","Roboto","Noto Sans","Ubuntu","Droid Sans","Helvetica Neue",sans-serif;
  font-size: 16px;
  color: #424242;
  width: 100%;
}

.emotion-0 input,
.emotion-0 button,
.emotion-0 textarea,
.emotion-0 select {
  font-family: -apple-system,BlinkMacSystemFont,"Segoe UI","Roboto","Noto Sans","Ubuntu","Droid Sans","Helvetica Neue",sans-serif;
}

.emotion-0 *,
.emotion-0 *:before,
.emotion-0 *:after {
  box-sizing: border-box;
}

<div
  className="emotion-0 emotion-1"
  style={Object {}}
/>
`;
